// Jest Snapshot v1, https://goo.gl/fbAQLP

exports[`MainHeader renders correctly 1`] = `
<div
  className="makeStyles-root-1"
>
  <header
    className="MuiPaper-root MuiAppBar-root MuiAppBar-positionStatic MuiAppBar-colorPrimary MuiPaper-elevation4"
  >
    <div
      className="MuiToolbar-root MuiToolbar-regular MuiToolbar-gutters"
    >
      <div
        style={
          Object {
            "alignItems": "center",
            "display": "flex",
          }
        }
      >
        <svg
          aria-hidden={true}
          className="MuiSvgIcon-root"
          focusable="false"
          viewBox="0 0 24 24"
        >
          <path
            d="M12.87 15.07l-2.54-2.51.03-.03c1.74-1.94 2.98-4.17 3.71-6.53H17V4h-7V2H8v2H1v1.99h11.17C11.5 7.92 10.44 9.75 9 11.35 8.07 10.32 7.3 9.19 6.69 8h-2c.73 1.63 1.73 3.17 2.98 4.56l-5.09 5.02L4 19l5-5 3.11 3.11.76-2.04zM18.5 10h-2L12 22h2l1.12-3h4.75L21 22h2l-4.5-12zm-2.62 7l1.62-4.33L19.12 17h-3.24z"
          />
        </svg>
        <div
          className="MuiInputBase-root MuiInput-root MuiInput-underline"
          onClick={[Function]}
        >
          <div
            aria-haspopup="listbox"
            aria-label="Without label"
            className="MuiSelect-root MuiSelect-select MuiSelect-selectMenu MuiInputBase-input MuiInput-input"
            onBlur={[Function]}
            onFocus={[Function]}
            onKeyDown={[Function]}
            onMouseDown={[Function]}
            role="button"
            tabIndex={0}
          >
            En
          </div>
          <input
            aria-hidden={true}
            className="MuiSelect-nativeInput"
            onAnimationStart={[Function]}
            onChange={[Function]}
            tabIndex={-1}
            value="en"
          />
          <svg
            aria-hidden={true}
            className="MuiSvgIcon-root MuiSelect-icon"
            focusable="false"
            viewBox="0 0 24 24"
          >
            <path
              d="M7 10l5 5 5-5z"
            />
          </svg>
        </div>
      </div>
      <h6
        className="MuiTypography-root makeStyles-title-3 MuiTypography-h6 MuiTypography-noWrap"
      >
        Travel app
      </h6>
      <div
        className="makeStyles-divSearch-9"
      >
        <div
          className="makeStyles-searchIcon-5"
        >
          <svg
            aria-hidden={true}
            className="MuiSvgIcon-root"
            focusable="false"
            viewBox="0 0 24 24"
          >
            <path
              d="M15.5 14h-.79l-.28-.27C15.41 12.59 16 11.11 16 9.5 16 5.91 13.09 3 9.5 3S3 5.91 3 9.5 5.91 16 9.5 16c1.61 0 3.09-.59 4.23-1.57l.27.28v.79l5 4.99L20.49 19l-4.99-5zm-6 0C7.01 14 5 11.99 5 9.5S7.01 5 9.5 5 14 7.01 14 9.5 11.99 14 9.5 14z"
            />
          </svg>
        </div>
        <div
          className="makeStyles-search-4"
        >
          <div
            className="MuiInputBase-root makeStyles-inputRoot-7"
            onClick={[Function]}
          >
            <input
              aria-label="search"
              className="MuiInputBase-input makeStyles-inputInput-8"
              onAnimationStart={[Function]}
              onBlur={[Function]}
              onChange={[Function]}
              onFocus={[Function]}
              placeholder="Searchâ€¦"
              type="text"
            />
          </div>
        </div>
        <div
          className="clear-icon"
          onClick={[Function]}
        >
          <svg
            aria-hidden={true}
            className="MuiSvgIcon-root"
            focusable="false"
            viewBox="0 0 24 24"
          >
            <path
              d="M19 6.41L17.59 5 12 10.59 6.41 5 5 6.41 10.59 12 5 17.59 6.41 19 12 13.41 17.59 19 19 17.59 13.41 12 19 6.41z"
            />
          </svg>
        </div>
      </div>
      <div
        className="login"
        onClick={[Function]}
      >
        Login
      </div>
    </div>
  </header>
</div>
`;
