// Jest Snapshot v1, https://goo.gl/fbAQLP

exports[`ExchangeWidget renders correctly 1`] = `
<div>
  <div
    class="weather-div"
  >
    <div
      class="weather-info"
    >
      <div>
        0.99
        Â°C
      </div>
      <div>
        clear sky
      </div>
    </div>
    <div
      class="weather-icon"
    >
      <img
        src="https://openweathermap.org/img/wn/01d@2x.png"
        style="height: 40px;"
      />
    </div>
  </div>
</div>
`;
